"","seqnames","start","end","width","strand","type","splice5p","splice3p","featureID","geneID","txName","geneName"
"1","16",87362942,87365116,2175,"-","E",TRUE,FALSE,1,1,c("uc002fjv.3", "uc002fjw.3", "uc010vot.2"),79791
"2","16",87365116,87365116,1,"-","A",NA,NA,2,1,c("uc002fjv.3", "uc002fjw.3", "uc010vot.2"),79791
"3","16",87365116,87367492,2377,"-","J",NA,NA,3,1,c("uc002fjv.3", "uc002fjw.3", "uc010vot.2"),79791
"4","16",87367492,87367492,1,"-","D",NA,NA,4,1,c("uc002fjv.3", "uc002fjw.3", "uc010vot.2"),79791
"5","16",87367492,87367892,401,"-","E",TRUE,TRUE,5,1,c("uc002fjv.3", "uc002fjw.3", "uc010vot.2"),79791
"6","16",87367892,87367892,1,"-","A",NA,NA,6,1,c("uc002fjv.3", "uc002fjw.3", "uc010vot.2"),79791
"7","16",87367892,87368910,1019,"-","J",NA,NA,7,1,c("uc002fjv.3", "uc002fjw.3", "uc010vot.2"),79791
"8","16",87368910,87368910,1,"-","D",NA,NA,8,1,c("uc002fjv.3", "uc002fjw.3", "uc010vot.2"),79791
"9","16",87368910,87369063,154,"-","E",TRUE,TRUE,9,1,c("uc002fjv.3", "uc002fjw.3", "uc010vot.2"),79791
"10","16",87369063,87369063,1,"-","A",NA,NA,10,1,c("uc002fjv.3", "uc002fjw.3", "uc010vot.2"),79791
"11","16",87369063,87369761,699,"-","J",NA,NA,11,1,c("uc002fjv.3", "uc002fjw.3", "uc010vot.2"),79791
"12","16",87369761,87369761,1,"-","D",NA,NA,12,1,c("uc002fjv.3", "uc002fjw.3", "uc010vot.2"),79791
"13","16",87369761,87369870,110,"-","E",TRUE,TRUE,13,1,c("uc002fjv.3", "uc002fjw.3", "uc010vot.2"),79791
"14","16",87369870,87369870,1,"-","A",NA,NA,14,1,c("uc002fjv.3", "uc002fjw.3", "uc010vot.2"),79791
"15","16",87369870,87376483,6614,"-","J",NA,NA,15,1,c("uc002fjv.3", "uc002fjw.3", "uc010vot.2"),79791
"16","16",87376483,87376483,1,"-","D",NA,NA,16,1,c("uc002fjv.3", "uc002fjw.3", "uc010vot.2"),79791
"17","16",87376483,87376557,75,"-","E",TRUE,TRUE,17,1,c("uc002fjv.3", "uc002fjw.3", "uc010vot.2"),79791
"18","16",87376557,87376557,1,"-","A",NA,NA,18,1,c("uc002fjv.3", "uc002fjw.3", "uc010vot.2"),79791
"19","16",87376557,87377204,648,"-","J",NA,NA,19,1,c("uc002fjv.3", "uc002fjw.3", "uc010vot.2"),79791
"20","16",87377204,87377204,1,"-","D",NA,NA,20,1,c("uc002fjv.3", "uc002fjw.3", "uc010vot.2"),79791
"21","16",87377204,87377371,168,"-","E",TRUE,TRUE,21,1,c("uc002fjv.3", "uc002fjw.3", "uc010vot.2"),79791
"22","16",87377371,87377371,1,"-","A",NA,NA,22,1,c("uc002fjv.3", "uc002fjw.3", "uc010vot.2"),79791
"23","16",87377371,87380780,3410,"-","J",NA,NA,23,1,c("uc002fjv.3", "uc002fjw.3", "uc010vot.2"),79791
"24","16",87380780,87380780,1,"-","D",NA,NA,24,1,c("uc002fjv.3", "uc002fjw.3", "uc010vot.2"),79791
"25","16",87380780,87380856,77,"-","E",TRUE,TRUE,25,1,c("uc002fjv.3", "uc002fjw.3", "uc010vot.2"),79791
"26","16",87380856,87380856,1,"-","A",NA,NA,26,1,c("uc002fjv.3", "uc002fjw.3", "uc010vot.2"),79791
"27","16",87380856,87393901,13046,"-","J",NA,NA,27,1,c("uc002fjv.3", "uc002fjw.3", "uc010vot.2"),79791
"28","16",87393901,87393901,1,"-","D",NA,NA,28,1,c("uc002fjv.3", "uc002fjw.3", "uc010vot.2"),79791
"29","16",87393901,87393972,72,"-","E",FALSE,TRUE,29,1,c("uc002fjv.3", "uc002fjw.3", "uc010vot.2"),79791
"30","16",87393972,87393972,1,"-","A",NA,NA,30,1,c("uc002fjw.3", "uc010vot.2"),79791
"31","16",87393972,87417011,23040,"-","J",NA,NA,31,1,uc002fjw.3,79791
"32","16",87393972,87423343,29372,"-","J",NA,NA,32,1,uc010vot.2,79791
"33","16",87393973,87394561,589,"-","E",FALSE,FALSE,33,1,uc002fjv.3,79791
"34","16",87417011,87417011,1,"-","D",NA,NA,34,1,uc002fjw.3,79791
"35","16",87417011,87417394,384,"-","E",FALSE,TRUE,35,1,uc002fjw.3,79791
"36","16",87417628,87417700,73,"-","E",FALSE,FALSE,36,2,uc021tmi.1,character(0)
"37","16",87423343,87423343,1,"-","D",NA,NA,37,1,uc010vot.2,79791
"38","16",87423343,87423454,112,"-","E",TRUE,TRUE,38,1,uc010vot.2,79791
"39","16",87423454,87423454,1,"-","A",NA,NA,39,1,uc010vot.2,79791
"40","16",87423454,87425689,2236,"-","J",NA,NA,40,1,uc010vot.2,79791
"41","16",87425689,87425689,1,"-","D",NA,NA,41,1,uc010vot.2,79791
"42","16",87425689,87425708,20,"-","E",FALSE,TRUE,42,1,uc010vot.2,79791
